[2026-07-28 13:05:11,375][mlp_training_pipeline][INFO] - Instantiating datamodule <data.anisotropy_datamodule.AnisotropyDataModule>
[2026-07-28 13:05:17,477][mlp_training_pipeline][INFO] - Instantiating model <models.mlp.network.MLP>
[2026-07-28 13:05:17,481][mlp_training_pipeline][INFO] - Model instantiated with 9498 parameters
[2026-07-28 13:05:17,482][mlp_training_pipeline][INFO] - Loss and tracking metric instantiated
[2026-07-28 13:05:17,483][mlp_training_pipeline][INFO] - Optimizer instantiated
[2026-07-28 13:05:17,483][mlp_training_pipeline][INFO] - Instantiating Tensorboard logger
[2026-07-28 13:05:17,485][mlp_training_pipeline][INFO] - Starting training!
[2026-07-28 13:05:25,569][root][INFO] - Epoch 1/200, Val Loss: 0.1947, Metric: 0.3075
[2026-07-28 13:05:33,547][root][INFO] - Epoch 2/200, Val Loss: 0.1156, Metric: 0.2286
[2026-07-28 13:05:41,571][root][INFO] - Epoch 3/200, Val Loss: 0.0881, Metric: 0.1961
[2026-07-28 13:05:49,497][root][INFO] - Epoch 4/200, Val Loss: 0.0741, Metric: 0.1785
[2026-07-28 13:05:57,587][root][INFO] - Epoch 5/200, Val Loss: 0.0672, Metric: 0.1692
[2026-07-28 13:06:05,644][root][INFO] - Epoch 6/200, Val Loss: 0.0608, Metric: 0.1608
[2026-07-28 13:06:13,587][root][INFO] - Epoch 7/200, Val Loss: 0.0576, Metric: 0.1555
[2026-07-28 13:06:21,836][root][INFO] - Epoch 8/200, Val Loss: 0.0537, Metric: 0.1507
[2026-07-28 13:06:29,971][root][INFO] - Epoch 9/200, Val Loss: 0.0492, Metric: 0.1441
[2026-07-28 13:06:37,938][root][INFO] - Epoch 10/200, Val Loss: 0.0481, Metric: 0.1430
[2026-07-28 13:06:45,865][root][INFO] - Epoch 11/200, Val Loss: 0.0453, Metric: 0.1380
[2026-07-28 13:06:53,857][root][INFO] - Epoch 12/200, Val Loss: 0.0438, Metric: 0.1352
[2026-07-28 13:07:01,905][root][INFO] - Epoch 13/200, Val Loss: 0.0429, Metric: 0.1344
[2026-07-28 13:07:09,807][root][INFO] - Epoch 14/200, Val Loss: 0.0401, Metric: 0.1302
[2026-07-28 13:07:17,820][root][INFO] - Epoch 15/200, Val Loss: 0.0404, Metric: 0.1295
[2026-07-28 13:07:25,848][root][INFO] - Epoch 16/200, Val Loss: 0.0396, Metric: 0.1288
[2026-07-28 13:07:33,842][root][INFO] - Epoch 17/200, Val Loss: 0.0377, Metric: 0.1260
[2026-07-28 13:07:41,850][root][INFO] - Epoch 18/200, Val Loss: 0.0389, Metric: 0.1271
[2026-07-28 13:07:50,248][root][INFO] - Epoch 19/200, Val Loss: 0.0361, Metric: 0.1226
[2026-07-28 13:07:58,446][root][INFO] - Epoch 20/200, Val Loss: 0.0369, Metric: 0.1240
[2026-07-28 13:08:06,528][root][INFO] - Epoch 21/200, Val Loss: 0.0364, Metric: 0.1232
[2026-07-28 13:08:14,685][root][INFO] - Epoch 22/200, Val Loss: 0.0374, Metric: 0.1243
[2026-07-28 13:08:22,593][root][INFO] - Epoch 23/200, Val Loss: 0.0366, Metric: 0.1230
[2026-07-28 13:08:30,657][root][INFO] - Epoch 24/200, Val Loss: 0.0376, Metric: 0.1235
[2026-07-28 13:08:38,970][root][INFO] - Epoch 25/200, Val Loss: 0.0368, Metric: 0.1229
[2026-07-28 13:08:46,840][root][INFO] - Epoch 26/200, Val Loss: 0.0370, Metric: 0.1230
[2026-07-28 13:08:54,842][root][INFO] - Epoch 27/200, Val Loss: 0.0379, Metric: 0.1238
[2026-07-28 13:09:02,861][root][INFO] - Epoch 28/200, Val Loss: 0.0366, Metric: 0.1216
[2026-07-28 13:09:10,903][root][INFO] - Epoch 29/200, Val Loss: 0.0369, Metric: 0.1217
[2026-07-28 13:09:18,960][root][INFO] - Epoch 30/200, Val Loss: 0.0382, Metric: 0.1236
[2026-07-28 13:09:27,328][root][INFO] - Epoch 31/200, Val Loss: 0.0393, Metric: 0.1247
[2026-07-28 13:09:35,306][root][INFO] - Epoch 32/200, Val Loss: 0.0392, Metric: 0.1246
[2026-07-28 13:09:43,327][root][INFO] - Epoch 33/200, Val Loss: 0.0375, Metric: 0.1219
[2026-07-28 13:09:51,331][root][INFO] - Epoch 34/200, Val Loss: 0.0386, Metric: 0.1235
[2026-07-28 13:09:59,177][root][INFO] - Epoch 35/200, Val Loss: 0.0388, Metric: 0.1246
[2026-07-28 13:10:07,032][root][INFO] - Epoch 36/200, Val Loss: 0.0395, Metric: 0.1256
[2026-07-28 13:10:14,999][root][INFO] - Epoch 37/200, Val Loss: 0.0388, Metric: 0.1235
[2026-07-28 13:10:22,991][root][INFO] - Epoch 38/200, Val Loss: 0.0394, Metric: 0.1241
[2026-07-28 13:10:31,078][root][INFO] - Epoch 39/200, Val Loss: 0.0380, Metric: 0.1228
[2026-07-28 13:10:39,064][root][INFO] - Epoch 40/200, Val Loss: 0.0430, Metric: 0.1304
[2026-07-28 13:10:46,913][root][INFO] - Epoch 41/200, Val Loss: 0.0435, Metric: 0.1308
[2026-07-28 13:10:54,876][root][INFO] - Epoch 42/200, Val Loss: 0.0423, Metric: 0.1285
[2026-07-28 13:11:02,859][root][INFO] - Epoch 43/200, Val Loss: 0.0428, Metric: 0.1297
[2026-07-28 13:11:10,827][root][INFO] - Epoch 44/200, Val Loss: 0.0408, Metric: 0.1258
[2026-07-28 13:11:18,855][root][INFO] - Epoch 45/200, Val Loss: 0.0424, Metric: 0.1288
[2026-07-28 13:11:26,986][root][INFO] - Epoch 46/200, Val Loss: 0.0452, Metric: 0.1336
[2026-07-28 13:11:35,081][root][INFO] - Epoch 47/200, Val Loss: 0.0479, Metric: 0.1365
[2026-07-28 13:11:43,207][root][INFO] - Epoch 48/200, Val Loss: 0.0465, Metric: 0.1351
[2026-07-28 13:11:51,260][root][INFO] - Epoch 49/200, Val Loss: 0.0434, Metric: 0.1302
[2026-07-28 13:11:59,232][root][INFO] - Epoch 50/200, Val Loss: 0.0489, Metric: 0.1373
[2026-07-28 13:12:07,176][root][INFO] - Epoch 51/200, Val Loss: 0.0453, Metric: 0.1327
[2026-07-28 13:12:15,164][root][INFO] - Epoch 52/200, Val Loss: 0.0466, Metric: 0.1338
[2026-07-28 13:12:23,087][root][INFO] - Epoch 53/200, Val Loss: 0.0438, Metric: 0.1300
[2026-07-28 13:12:31,335][root][INFO] - Epoch 54/200, Val Loss: 0.0463, Metric: 0.1336
[2026-07-28 13:12:39,265][root][INFO] - Epoch 55/200, Val Loss: 0.0472, Metric: 0.1354
[2026-07-28 13:12:47,123][root][INFO] - Epoch 56/200, Val Loss: 0.0454, Metric: 0.1322
[2026-07-28 13:12:55,145][root][INFO] - Epoch 57/200, Val Loss: 0.0458, Metric: 0.1326
[2026-07-28 13:13:03,126][root][INFO] - Epoch 58/200, Val Loss: 0.0456, Metric: 0.1316
[2026-07-28 13:13:10,994][root][INFO] - Epoch 59/200, Val Loss: 0.0445, Metric: 0.1310
[2026-07-28 13:13:18,906][root][INFO] - Epoch 60/200, Val Loss: 0.0477, Metric: 0.1350
[2026-07-28 13:13:26,726][root][INFO] - Epoch 61/200, Val Loss: 0.0464, Metric: 0.1343
[2026-07-28 13:13:34,672][root][INFO] - Epoch 62/200, Val Loss: 0.0500, Metric: 0.1383
[2026-07-28 13:13:42,637][root][INFO] - Epoch 63/200, Val Loss: 0.0487, Metric: 0.1367
[2026-07-28 13:13:50,571][root][INFO] - Epoch 64/200, Val Loss: 0.0483, Metric: 0.1360
[2026-07-28 13:13:58,505][root][INFO] - Epoch 65/200, Val Loss: 0.0473, Metric: 0.1344
[2026-07-28 13:14:06,575][root][INFO] - Epoch 66/200, Val Loss: 0.0508, Metric: 0.1384
[2026-07-28 13:14:14,559][root][INFO] - Epoch 67/200, Val Loss: 0.0486, Metric: 0.1352
[2026-07-28 13:14:22,579][root][INFO] - Epoch 68/200, Val Loss: 0.0501, Metric: 0.1382
[2026-07-28 13:14:30,660][root][INFO] - Epoch 69/200, Val Loss: 0.0504, Metric: 0.1382
[2026-07-28 13:14:38,663][root][INFO] - Epoch 70/200, Val Loss: 0.0490, Metric: 0.1362
[2026-07-28 13:14:46,792][root][INFO] - Epoch 71/200, Val Loss: 0.0464, Metric: 0.1315
[2026-07-28 13:14:54,811][root][INFO] - Epoch 72/200, Val Loss: 0.0501, Metric: 0.1379
[2026-07-28 13:15:02,768][root][INFO] - Epoch 73/200, Val Loss: 0.0459, Metric: 0.1322
[2026-07-28 13:15:10,752][root][INFO] - Epoch 74/200, Val Loss: 0.0489, Metric: 0.1365
[2026-07-28 13:15:18,644][root][INFO] - Epoch 75/200, Val Loss: 0.0522, Metric: 0.1401
[2026-07-28 13:15:26,627][root][INFO] - Epoch 76/200, Val Loss: 0.0473, Metric: 0.1336
[2026-07-28 13:15:34,844][root][INFO] - Epoch 77/200, Val Loss: 0.0482, Metric: 0.1346
[2026-07-28 13:15:42,866][root][INFO] - Epoch 78/200, Val Loss: 0.0490, Metric: 0.1353
[2026-07-28 13:15:50,953][root][INFO] - Epoch 79/200, Val Loss: 0.0503, Metric: 0.1368
[2026-07-28 13:15:58,960][root][INFO] - Epoch 80/200, Val Loss: 0.0488, Metric: 0.1355
[2026-07-28 13:16:06,895][root][INFO] - Epoch 81/200, Val Loss: 0.0467, Metric: 0.1321
[2026-07-28 13:16:15,014][root][INFO] - Epoch 82/200, Val Loss: 0.0497, Metric: 0.1362
[2026-07-28 13:16:22,982][root][INFO] - Epoch 83/200, Val Loss: 0.0505, Metric: 0.1374
[2026-07-28 13:16:30,904][root][INFO] - Epoch 84/200, Val Loss: 0.0464, Metric: 0.1318
[2026-07-28 13:16:38,915][root][INFO] - Epoch 85/200, Val Loss: 0.0500, Metric: 0.1374
[2026-07-28 13:16:46,831][root][INFO] - Epoch 86/200, Val Loss: 0.0484, Metric: 0.1345
[2026-07-28 13:16:54,934][root][INFO] - Epoch 87/200, Val Loss: 0.0517, Metric: 0.1383
[2026-07-28 13:17:02,897][root][INFO] - Epoch 88/200, Val Loss: 0.0512, Metric: 0.1381
[2026-07-28 13:17:10,776][root][INFO] - Epoch 89/200, Val Loss: 0.0492, Metric: 0.1355
[2026-07-28 13:17:18,747][root][INFO] - Epoch 90/200, Val Loss: 0.0484, Metric: 0.1350
[2026-07-28 13:17:26,734][root][INFO] - Epoch 91/200, Val Loss: 0.0494, Metric: 0.1340
[2026-07-28 13:17:34,708][root][INFO] - Epoch 92/200, Val Loss: 0.0525, Metric: 0.1395
[2026-07-28 13:17:42,714][root][INFO] - Epoch 93/200, Val Loss: 0.0511, Metric: 0.1377
[2026-07-28 13:17:50,724][root][INFO] - Epoch 94/200, Val Loss: 0.0507, Metric: 0.1370
[2026-07-28 13:17:58,930][root][INFO] - Epoch 95/200, Val Loss: 0.0486, Metric: 0.1345
[2026-07-28 13:18:06,991][root][INFO] - Epoch 96/200, Val Loss: 0.0504, Metric: 0.1356
[2026-07-28 13:18:15,137][root][INFO] - Epoch 97/200, Val Loss: 0.0510, Metric: 0.1368
[2026-07-28 13:18:23,053][root][INFO] - Epoch 98/200, Val Loss: 0.0515, Metric: 0.1377
[2026-07-28 13:18:31,357][root][INFO] - Epoch 99/200, Val Loss: 0.0489, Metric: 0.1346
[2026-07-28 13:18:39,293][root][INFO] - Epoch 100/200, Val Loss: 0.0488, Metric: 0.1343
[2026-07-28 13:18:47,242][root][INFO] - Epoch 101/200, Val Loss: 0.0506, Metric: 0.1362
[2026-07-28 13:18:55,183][root][INFO] - Epoch 102/200, Val Loss: 0.0529, Metric: 0.1399
[2026-07-28 13:19:03,528][root][INFO] - Epoch 103/200, Val Loss: 0.0497, Metric: 0.1347
[2026-07-28 13:19:11,657][root][INFO] - Epoch 104/200, Val Loss: 0.0528, Metric: 0.1397
[2026-07-28 13:19:19,675][root][INFO] - Epoch 105/200, Val Loss: 0.0502, Metric: 0.1351
[2026-07-28 13:19:27,690][root][INFO] - Epoch 106/200, Val Loss: 0.0509, Metric: 0.1362
[2026-07-28 13:19:35,762][root][INFO] - Epoch 107/200, Val Loss: 0.0501, Metric: 0.1352
[2026-07-28 13:19:43,913][root][INFO] - Epoch 108/200, Val Loss: 0.0536, Metric: 0.1406
[2026-07-28 13:19:51,988][root][INFO] - Epoch 109/200, Val Loss: 0.0476, Metric: 0.1313
[2026-07-28 13:19:59,953][root][INFO] - Epoch 110/200, Val Loss: 0.0509, Metric: 0.1355
[2026-07-28 13:20:08,078][root][INFO] - Epoch 111/200, Val Loss: 0.0490, Metric: 0.1337
[2026-07-28 13:20:16,385][root][INFO] - Epoch 112/200, Val Loss: 0.0520, Metric: 0.1378
[2026-07-28 13:20:24,398][root][INFO] - Epoch 113/200, Val Loss: 0.0508, Metric: 0.1366
[2026-07-28 13:20:32,388][root][INFO] - Epoch 114/200, Val Loss: 0.0517, Metric: 0.1368
[2026-07-28 13:20:40,670][root][INFO] - Epoch 115/200, Val Loss: 0.0517, Metric: 0.1378
[2026-07-28 13:20:48,623][root][INFO] - Epoch 116/200, Val Loss: 0.0520, Metric: 0.1380
[2026-07-28 13:20:56,727][root][INFO] - Epoch 117/200, Val Loss: 0.0530, Metric: 0.1389
[2026-07-28 13:21:04,728][root][INFO] - Epoch 118/200, Val Loss: 0.0518, Metric: 0.1381
[2026-07-28 13:21:12,830][root][INFO] - Epoch 119/200, Val Loss: 0.0542, Metric: 0.1403
[2026-07-28 13:21:20,759][root][INFO] - Epoch 120/200, Val Loss: 0.0532, Metric: 0.1395
[2026-07-28 13:21:28,977][root][INFO] - Epoch 121/200, Val Loss: 0.0502, Metric: 0.1363
[2026-07-28 13:21:37,047][root][INFO] - Epoch 122/200, Val Loss: 0.0532, Metric: 0.1395
[2026-07-28 13:21:45,113][root][INFO] - Epoch 123/200, Val Loss: 0.0508, Metric: 0.1367
[2026-07-28 13:21:53,085][root][INFO] - Epoch 124/200, Val Loss: 0.0507, Metric: 0.1367
[2026-07-28 13:22:01,128][root][INFO] - Epoch 125/200, Val Loss: 0.0493, Metric: 0.1341
[2026-07-28 13:22:09,209][root][INFO] - Epoch 126/200, Val Loss: 0.0509, Metric: 0.1370
[2026-07-28 13:22:17,340][root][INFO] - Epoch 127/200, Val Loss: 0.0538, Metric: 0.1417
[2026-07-28 13:22:25,449][root][INFO] - Epoch 128/200, Val Loss: 0.0547, Metric: 0.1414
[2026-07-28 13:22:33,597][root][INFO] - Epoch 129/200, Val Loss: 0.0519, Metric: 0.1379
[2026-07-28 13:22:41,430][root][INFO] - Epoch 130/200, Val Loss: 0.0521, Metric: 0.1383
[2026-07-28 13:22:49,441][root][INFO] - Epoch 131/200, Val Loss: 0.0518, Metric: 0.1380
[2026-07-28 13:22:57,443][root][INFO] - Epoch 132/200, Val Loss: 0.0552, Metric: 0.1426
[2026-07-28 13:23:05,546][root][INFO] - Epoch 133/200, Val Loss: 0.0521, Metric: 0.1382
[2026-07-28 13:23:13,548][root][INFO] - Epoch 134/200, Val Loss: 0.0546, Metric: 0.1415
[2026-07-28 13:23:21,670][root][INFO] - Epoch 135/200, Val Loss: 0.0531, Metric: 0.1404
[2026-07-28 13:23:29,537][root][INFO] - Epoch 136/200, Val Loss: 0.0525, Metric: 0.1387
[2026-07-28 13:23:37,747][root][INFO] - Epoch 137/200, Val Loss: 0.0544, Metric: 0.1408
[2026-07-28 13:23:45,804][root][INFO] - Epoch 138/200, Val Loss: 0.0561, Metric: 0.1425
[2026-07-28 13:23:53,821][root][INFO] - Epoch 139/200, Val Loss: 0.0524, Metric: 0.1386
[2026-07-28 13:24:02,175][root][INFO] - Epoch 140/200, Val Loss: 0.0549, Metric: 0.1419
[2026-07-28 13:24:10,263][root][INFO] - Epoch 141/200, Val Loss: 0.0546, Metric: 0.1400
[2026-07-28 13:24:18,217][root][INFO] - Epoch 142/200, Val Loss: 0.0530, Metric: 0.1388
[2026-07-28 13:24:26,218][root][INFO] - Epoch 143/200, Val Loss: 0.0547, Metric: 0.1406
[2026-07-28 13:24:34,158][root][INFO] - Epoch 144/200, Val Loss: 0.0544, Metric: 0.1400
[2026-07-28 13:24:42,212][root][INFO] - Epoch 145/200, Val Loss: 0.0569, Metric: 0.1428
[2026-07-28 13:24:50,178][root][INFO] - Epoch 146/200, Val Loss: 0.0527, Metric: 0.1382
[2026-07-28 13:24:58,359][root][INFO] - Epoch 147/200, Val Loss: 0.0557, Metric: 0.1433
[2026-07-28 13:25:06,451][root][INFO] - Epoch 148/200, Val Loss: 0.0544, Metric: 0.1417
[2026-07-28 13:25:14,489][root][INFO] - Epoch 149/200, Val Loss: 0.0554, Metric: 0.1428
[2026-07-28 13:25:22,471][root][INFO] - Epoch 150/200, Val Loss: 0.0551, Metric: 0.1418
[2026-07-28 13:25:30,479][root][INFO] - Epoch 151/200, Val Loss: 0.0557, Metric: 0.1430
[2026-07-28 13:25:38,477][root][INFO] - Epoch 152/200, Val Loss: 0.0544, Metric: 0.1413
[2026-07-28 13:25:46,834][root][INFO] - Epoch 153/200, Val Loss: 0.0543, Metric: 0.1405
[2026-07-28 13:25:54,846][root][INFO] - Epoch 154/200, Val Loss: 0.0556, Metric: 0.1424
[2026-07-28 13:26:03,019][root][INFO] - Epoch 155/200, Val Loss: 0.0560, Metric: 0.1428
[2026-07-28 13:26:11,251][root][INFO] - Epoch 156/200, Val Loss: 0.0571, Metric: 0.1450
[2026-07-28 13:26:19,214][root][INFO] - Epoch 157/200, Val Loss: 0.0573, Metric: 0.1453
[2026-07-28 13:26:27,176][root][INFO] - Epoch 158/200, Val Loss: 0.0540, Metric: 0.1399
[2026-07-28 13:26:35,057][root][INFO] - Epoch 159/200, Val Loss: 0.0569, Metric: 0.1436
[2026-07-28 13:26:43,107][root][INFO] - Epoch 160/200, Val Loss: 0.0560, Metric: 0.1437
[2026-07-28 13:26:51,032][root][INFO] - Epoch 161/200, Val Loss: 0.0573, Metric: 0.1447
[2026-07-28 13:26:59,010][root][INFO] - Epoch 162/200, Val Loss: 0.0596, Metric: 0.1472
[2026-07-28 13:27:07,088][root][INFO] - Epoch 163/200, Val Loss: 0.0600, Metric: 0.1483
[2026-07-28 13:27:15,306][root][INFO] - Epoch 164/200, Val Loss: 0.0568, Metric: 0.1440
[2026-07-28 13:27:23,377][root][INFO] - Epoch 165/200, Val Loss: 0.0579, Metric: 0.1451
[2026-07-28 13:27:31,563][root][INFO] - Epoch 166/200, Val Loss: 0.0551, Metric: 0.1415
[2026-07-28 13:27:39,606][root][INFO] - Epoch 167/200, Val Loss: 0.0562, Metric: 0.1423
[2026-07-28 13:27:47,588][root][INFO] - Epoch 168/200, Val Loss: 0.0585, Metric: 0.1465
[2026-07-28 13:27:55,573][root][INFO] - Epoch 169/200, Val Loss: 0.0564, Metric: 0.1431
[2026-07-28 13:28:03,609][root][INFO] - Epoch 170/200, Val Loss: 0.0571, Metric: 0.1444
[2026-07-28 13:28:11,652][root][INFO] - Epoch 171/200, Val Loss: 0.0580, Metric: 0.1448
[2026-07-28 13:28:19,700][root][INFO] - Epoch 172/200, Val Loss: 0.0552, Metric: 0.1407
[2026-07-28 13:28:27,788][root][INFO] - Epoch 173/200, Val Loss: 0.0559, Metric: 0.1424
[2026-07-28 13:28:35,835][root][INFO] - Epoch 174/200, Val Loss: 0.0571, Metric: 0.1438
[2026-07-28 13:28:43,807][root][INFO] - Epoch 175/200, Val Loss: 0.0577, Metric: 0.1457
[2026-07-28 13:28:51,923][root][INFO] - Epoch 176/200, Val Loss: 0.0574, Metric: 0.1438
[2026-07-28 13:28:59,946][root][INFO] - Epoch 177/200, Val Loss: 0.0590, Metric: 0.1457
[2026-07-28 13:29:07,993][root][INFO] - Epoch 178/200, Val Loss: 0.0563, Metric: 0.1427
[2026-07-28 13:29:15,989][root][INFO] - Epoch 179/200, Val Loss: 0.0590, Metric: 0.1461
[2026-07-28 13:29:23,977][root][INFO] - Epoch 180/200, Val Loss: 0.0576, Metric: 0.1460
[2026-07-28 13:29:31,942][root][INFO] - Epoch 181/200, Val Loss: 0.0587, Metric: 0.1458
[2026-07-28 13:29:40,158][root][INFO] - Epoch 182/200, Val Loss: 0.0577, Metric: 0.1453
[2026-07-28 13:29:48,245][root][INFO] - Epoch 183/200, Val Loss: 0.0580, Metric: 0.1442
[2026-07-28 13:29:56,306][root][INFO] - Epoch 184/200, Val Loss: 0.0604, Metric: 0.1473
[2026-07-28 13:30:04,340][root][INFO] - Epoch 185/200, Val Loss: 0.0582, Metric: 0.1454
[2026-07-28 13:30:12,473][root][INFO] - Epoch 186/200, Val Loss: 0.0598, Metric: 0.1473
[2026-07-28 13:30:20,800][root][INFO] - Epoch 187/200, Val Loss: 0.0594, Metric: 0.1462
[2026-07-28 13:30:28,801][root][INFO] - Epoch 188/200, Val Loss: 0.0586, Metric: 0.1443
[2026-07-28 13:30:36,797][root][INFO] - Epoch 189/200, Val Loss: 0.0566, Metric: 0.1428
[2026-07-28 13:30:44,910][root][INFO] - Epoch 190/200, Val Loss: 0.0605, Metric: 0.1490
[2026-07-28 13:30:52,884][root][INFO] - Epoch 191/200, Val Loss: 0.0622, Metric: 0.1512
[2026-07-28 13:31:00,952][root][INFO] - Epoch 192/200, Val Loss: 0.0569, Metric: 0.1432
[2026-07-28 13:31:08,928][root][INFO] - Epoch 193/200, Val Loss: 0.0577, Metric: 0.1441
[2026-07-28 13:31:17,035][root][INFO] - Epoch 194/200, Val Loss: 0.0596, Metric: 0.1479
[2026-07-28 13:31:25,113][root][INFO] - Epoch 195/200, Val Loss: 0.0590, Metric: 0.1463
[2026-07-28 13:31:33,139][root][INFO] - Epoch 196/200, Val Loss: 0.0595, Metric: 0.1467
[2026-07-28 13:31:41,458][root][INFO] - Epoch 197/200, Val Loss: 0.0586, Metric: 0.1447
[2026-07-28 13:31:49,537][root][INFO] - Epoch 198/200, Val Loss: 0.0597, Metric: 0.1472
[2026-07-28 13:31:57,614][root][INFO] - Epoch 199/200, Val Loss: 0.0582, Metric: 0.1447
[2026-07-28 13:32:05,834][root][INFO] - Epoch 200/200, Val Loss: 0.0611, Metric: 0.1495
[2026-07-28 13:32:05,837][root][INFO] - Training completed. Best Loss: 0.0361 at epoch: 18
[2026-07-28 13:32:05,837][mlp_training_pipeline][INFO] - Training completed
[2026-07-28 13:32:05,837][mlp_training_pipeline][INFO] - Starting prediction on test set!
[2026-07-28 13:32:07,656][root][INFO] - Prediction completed. Average Score: 0.1495
[2026-07-28 13:32:07,699][mlp_training_pipeline][INFO] - Prediction time: 1.86 seconds
[2026-07-28 13:32:07,700][mlp_training_pipeline][INFO] - Memory usage: 13.29 MB
[2026-07-28 13:32:07,700][mlp_training_pipeline][INFO] - Saving predictions to disk
[2026-07-28 13:32:11,184][root][INFO] - Saved prediction plots to test_results
[2026-07-28 13:32:12,376][mlp_training_pipeline][INFO] - Finalizing!
[2026-07-28 13:32:12,376][submitit][INFO] - Job completed successfully
[2026-07-28 13:32:12,379][submitit][INFO] - Exiting after successful completion
